polar.spec 1  polar.spec 2 0.089619 0.100621  0.084118 
polar.spec 1  polar.spec 2 0.089619 0.100621  0.084118 
          polar.spec  1            polar.spec  2    0.090    0.101     0.084 
          polar.spec  1            polar.spec  2    0.090    0.101     0.084 
          polar.spec  2            polar.spec  3    0.146    0.168     0.136 
