relocate 0.00e+00 -1.00e+09
draw 6.28e+07 -9.98e+08
draw 1.25e+08 -9.92e+08
draw 1.87e+08 -9.82e+08
draw 2.49e+08 -9.68e+08
draw 3.09e+08 -9.51e+08
draw 3.68e+08 -9.30e+08
draw 4.26e+08 -9.05e+08
draw 4.82e+08 -8.76e+08
draw 5.36e+08 -8.44e+08
draw 5.88e+08 -8.09e+08
draw 6.37e+08 -7.70e+08
draw 6.85e+08 -7.29e+08
draw 7.29e+08 -6.84e+08
draw 7.71e+08 -6.37e+08
draw 8.09e+08 -5.88e+08
draw 8.44e+08 -5.36e+08
draw 8.76e+08 -4.82e+08
draw 9.05e+08 -4.26e+08
draw 9.30e+08 -3.68e+08
draw 9.51e+08 -3.09e+08
draw 9.69e+08 -2.49e+08
draw 9.82e+08 -1.87e+08
draw 9.92e+08 -1.25e+08
draw 9.98e+08 -6.28e+07
draw 1.00e+09 -1.33e+01
draw 9.98e+08 6.28e+07
draw 9.92e+08 1.25e+08
draw 9.82e+08 1.87e+08
draw 9.69e+08 2.49e+08
draw 9.51e+08 3.09e+08
draw 9.30e+08 3.68e+08
draw 9.05e+08 4.26e+08
draw 8.76e+08 4.82e+08
draw 8.44e+08 5.36e+08
draw 8.09e+08 5.88e+08
draw 7.71e+08 6.37e+08
draw 7.29e+08 6.84e+08
draw 6.85e+08 7.29e+08
draw 6.37e+08 7.70e+08
draw 5.88e+08 8.09e+08
draw 5.36e+08 8.44e+08
draw 4.82e+08 8.76e+08
draw 4.26e+08 9.05e+08
draw 3.68e+08 9.30e+08
draw 3.09e+08 9.51e+08
draw 2.49e+08 9.68e+08
draw 1.87e+08 9.82e+08
draw 1.25e+08 9.92e+08
draw 6.28e+07 9.98e+08
draw 2.67e+01 1.00e+09
draw -6.28e+07 9.98e+08
draw -1.25e+08 9.92e+08
draw -1.87e+08 9.82e+08
draw -2.49e+08 9.68e+08
draw -3.09e+08 9.51e+08
draw -3.68e+08 9.30e+08
draw -4.26e+08 9.05e+08
draw -4.82e+08 8.76e+08
draw -5.36e+08 8.44e+08
draw -5.88e+08 8.09e+08
draw -6.37e+08 7.70e+08
draw -6.85e+08 7.29e+08
draw -7.29e+08 6.84e+08
draw -7.71e+08 6.37e+08
draw -8.09e+08 5.88e+08
draw -8.44e+08 5.36e+08
draw -8.76e+08 4.82e+08
draw -9.05e+08 4.26e+08
draw -9.30e+08 3.68e+08
draw -9.51e+08 3.09e+08
draw -9.69e+08 2.49e+08
draw -9.82e+08 1.87e+08
draw -9.92e+08 1.25e+08
draw -9.98e+08 6.28e+07
draw -1.00e+09 4.00e+01
draw -9.98e+08 -6.28e+07
draw -9.92e+08 -1.25e+08
draw -9.82e+08 -1.87e+08
draw -9.69e+08 -2.49e+08
draw -9.51e+08 -3.09e+08
draw -9.30e+08 -3.68e+08
draw -9.05e+08 -4.26e+08
draw -8.76e+08 -4.82e+08
draw -8.44e+08 -5.36e+08
draw -8.09e+08 -5.88e+08
draw -7.71e+08 -6.37e+08
draw -7.29e+08 -6.84e+08
draw -6.85e+08 -7.29e+08
draw -6.37e+08 -7.70e+08
draw -5.88e+08 -8.09e+08
draw -5.36e+08 -8.44e+08
draw -4.82e+08 -8.76e+08
draw -4.26e+08 -9.05e+08
draw -3.68e+08 -9.30e+08
draw -3.09e+08 -9.51e+08
draw -2.49e+08 -9.68e+08
draw -1.87e+08 -9.82e+08
draw -1.25e+08 -9.92e+08
draw -6.28e+07 -9.98e+08
draw -5.34e+01 -1.00e+09
relocate 0.00e+00 -3.30e+09
draw 2.07e+08 -3.29e+09
draw 4.14e+08 -3.27e+09
draw 6.18e+08 -3.24e+09
draw 8.21e+08 -3.20e+09
draw 1.02e+09 -3.14e+09
draw 1.21e+09 -3.07e+09
draw 1.41e+09 -2.99e+09
draw 1.59e+09 -2.89e+09
draw 1.77e+09 -2.79e+09
draw 1.94e+09 -2.67e+09
draw 2.10e+09 -2.54e+09
draw 2.26e+09 -2.41e+09
draw 2.41e+09 -2.26e+09
draw 2.54e+09 -2.10e+09
draw 2.67e+09 -1.94e+09
draw 2.79e+09 -1.77e+09
draw 2.89e+09 -1.59e+09
draw 2.99e+09 -1.40e+09
draw 3.07e+09 -1.21e+09
draw 3.14e+09 -1.02e+09
draw 3.20e+09 -8.21e+08
draw 3.24e+09 -6.18e+08
draw 3.27e+09 -4.14e+08
draw 3.29e+09 -2.07e+08
draw 3.30e+09 -4.40e+01
draw 3.29e+09 2.07e+08
draw 3.27e+09 4.14e+08
draw 3.24e+09 6.18e+08
draw 3.20e+09 8.21e+08
draw 3.14e+09 1.02e+09
draw 3.07e+09 1.21e+09
draw 2.99e+09 1.40e+09
draw 2.89e+09 1.59e+09
draw 2.79e+09 1.77e+09
draw 2.67e+09 1.94e+09
draw 2.54e+09 2.10e+09
draw 2.41e+09 2.26e+09
draw 2.26e+09 2.41e+09
draw 2.10e+09 2.54e+09
draw 1.94e+09 2.67e+09
draw 1.77e+09 2.79e+09
draw 1.59e+09 2.89e+09
draw 1.41e+09 2.99e+09
draw 1.21e+09 3.07e+09
draw 1.02e+09 3.14e+09
draw 8.21e+08 3.20e+09
draw 6.18e+08 3.24e+09
draw 4.14e+08 3.27e+09
draw 2.07e+08 3.29e+09
draw 8.81e+01 3.30e+09
draw -2.07e+08 3.29e+09
draw -4.14e+08 3.27e+09
draw -6.18e+08 3.24e+09
draw -8.21e+08 3.20e+09
draw -1.02e+09 3.14e+09
draw -1.21e+09 3.07e+09
draw -1.41e+09 2.99e+09
draw -1.59e+09 2.89e+09
draw -1.77e+09 2.79e+09
draw -1.94e+09 2.67e+09
draw -2.10e+09 2.54e+09
draw -2.26e+09 2.41e+09
draw -2.41e+09 2.26e+09
draw -2.54e+09 2.10e+09
draw -2.67e+09 1.94e+09
draw -2.79e+09 1.77e+09
draw -2.89e+09 1.59e+09
draw -2.99e+09 1.40e+09
draw -3.07e+09 1.21e+09
draw -3.14e+09 1.02e+09
draw -3.20e+09 8.21e+08
draw -3.24e+09 6.18e+08
draw -3.27e+09 4.14e+08
draw -3.29e+09 2.07e+08
draw -3.30e+09 1.32e+02
draw -3.29e+09 -2.07e+08
draw -3.27e+09 -4.14e+08
draw -3.24e+09 -6.18e+08
draw -3.20e+09 -8.21e+08
draw -3.14e+09 -1.02e+09
draw -3.07e+09 -1.21e+09
draw -2.99e+09 -1.40e+09
draw -2.89e+09 -1.59e+09
draw -2.79e+09 -1.77e+09
draw -2.67e+09 -1.94e+09
draw -2.54e+09 -2.10e+09
draw -2.41e+09 -2.26e+09
draw -2.26e+09 -2.41e+09
draw -2.10e+09 -2.54e+09
draw -1.94e+09 -2.67e+09
draw -1.77e+09 -2.79e+09
draw -1.59e+09 -2.89e+09
draw -1.41e+09 -2.99e+09
draw -1.21e+09 -3.07e+09
draw -1.02e+09 -3.14e+09
draw -8.21e+08 -3.20e+09
draw -6.18e+08 -3.24e+09
draw -4.14e+08 -3.27e+09
draw -2.07e+08 -3.29e+09
draw -1.76e+02 -3.30e+09
relocate 0.00e+00 -5.60e+09
draw 3.52e+08 -5.59e+09
draw 7.02e+08 -5.56e+09
draw 1.05e+09 -5.50e+09
draw 1.39e+09 -5.42e+09
draw 1.73e+09 -5.33e+09
draw 2.06e+09 -5.21e+09
draw 2.38e+09 -5.07e+09
draw 2.70e+09 -4.91e+09
draw 3.00e+09 -4.73e+09
draw 3.29e+09 -4.53e+09
draw 3.57e+09 -4.31e+09
draw 3.83e+09 -4.08e+09
draw 4.08e+09 -3.83e+09
draw 4.31e+09 -3.57e+09
draw 4.53e+09 -3.29e+09
draw 4.73e+09 -3.00e+09
draw 4.91e+09 -2.70e+09
draw 5.07e+09 -2.38e+09
draw 5.21e+09 -2.06e+09
draw 5.33e+09 -1.73e+09
draw 5.42e+09 -1.39e+09
draw 5.50e+09 -1.05e+09
draw 5.56e+09 -7.02e+08
draw 5.59e+09 -3.52e+08
draw 5.60e+09 -7.47e+01
draw 5.59e+09 3.52e+08
draw 5.56e+09 7.02e+08
draw 5.50e+09 1.05e+09
draw 5.42e+09 1.39e+09
draw 5.33e+09 1.73e+09
draw 5.21e+09 2.06e+09
draw 5.07e+09 2.38e+09
draw 4.91e+09 2.70e+09
draw 4.73e+09 3.00e+09
draw 4.53e+09 3.29e+09
draw 4.31e+09 3.57e+09
draw 4.08e+09 3.83e+09
draw 3.83e+09 4.08e+09
draw 3.57e+09 4.31e+09
draw 3.29e+09 4.53e+09
draw 3.00e+09 4.73e+09
draw 2.70e+09 4.91e+09
draw 2.38e+09 5.07e+09
draw 2.06e+09 5.21e+09
draw 1.73e+09 5.33e+09
draw 1.39e+09 5.42e+09
draw 1.05e+09 5.50e+09
draw 7.02e+08 5.56e+09
draw 3.52e+08 5.59e+09
draw 1.50e+02 5.60e+09
draw -3.52e+08 5.59e+09
draw -7.02e+08 5.56e+09
draw -1.05e+09 5.50e+09
draw -1.39e+09 5.42e+09
draw -1.73e+09 5.33e+09
draw -2.06e+09 5.21e+09
draw -2.38e+09 5.07e+09
draw -2.70e+09 4.91e+09
draw -3.00e+09 4.73e+09
draw -3.29e+09 4.53e+09
draw -3.57e+09 4.31e+09
draw -3.83e+09 4.08e+09
draw -4.08e+09 3.83e+09
draw -4.31e+09 3.57e+09
draw -4.53e+09 3.29e+09
draw -4.73e+09 3.00e+09
draw -4.91e+09 2.70e+09
draw -5.07e+09 2.38e+09
draw -5.21e+09 2.06e+09
draw -5.33e+09 1.73e+09
draw -5.42e+09 1.39e+09
draw -5.50e+09 1.05e+09
draw -5.56e+09 7.02e+08
draw -5.59e+09 3.52e+08
draw -5.60e+09 2.24e+02
draw -5.59e+09 -3.52e+08
draw -5.56e+09 -7.02e+08
draw -5.50e+09 -1.05e+09
draw -5.42e+09 -1.39e+09
draw -5.33e+09 -1.73e+09
draw -5.21e+09 -2.06e+09
draw -5.07e+09 -2.38e+09
draw -4.91e+09 -2.70e+09
draw -4.73e+09 -3.00e+09
draw -4.53e+09 -3.29e+09
draw -4.31e+09 -3.57e+09
draw -4.08e+09 -3.83e+09
draw -3.83e+09 -4.08e+09
draw -3.57e+09 -4.31e+09
draw -3.29e+09 -4.53e+09
draw -3.00e+09 -4.73e+09
draw -2.70e+09 -4.91e+09
draw -2.38e+09 -5.07e+09
draw -2.06e+09 -5.21e+09
draw -1.73e+09 -5.33e+09
draw -1.39e+09 -5.42e+09
draw -1.05e+09 -5.50e+09
draw -7.02e+08 -5.56e+09
draw -3.52e+08 -5.59e+09
draw -2.99e+02 -5.60e+09
relocate 0.00e+00 -7.90e+09
draw 4.96e+08 -7.88e+09
draw 9.90e+08 -7.84e+09
draw 1.48e+09 -7.76e+09
draw 1.96e+09 -7.65e+09
draw 2.44e+09 -7.51e+09
draw 2.91e+09 -7.34e+09
draw 3.36e+09 -7.15e+09
draw 3.81e+09 -6.92e+09
draw 4.23e+09 -6.67e+09
draw 4.64e+09 -6.39e+09
draw 5.04e+09 -6.09e+09
draw 5.41e+09 -5.76e+09
draw 5.76e+09 -5.41e+09
draw 6.09e+09 -5.04e+09
draw 6.39e+09 -4.64e+09
draw 6.67e+09 -4.23e+09
draw 6.92e+09 -3.81e+09
draw 7.15e+09 -3.36e+09
draw 7.35e+09 -2.91e+09
draw 7.51e+09 -2.44e+09
draw 7.65e+09 -1.96e+09
draw 7.76e+09 -1.48e+09
draw 7.84e+09 -9.90e+08
draw 7.88e+09 -4.96e+08
draw 7.90e+09 -1.05e+02
draw 7.88e+09 4.96e+08
draw 7.84e+09 9.90e+08
draw 7.76e+09 1.48e+09
draw 7.65e+09 1.96e+09
draw 7.51e+09 2.44e+09
draw 7.35e+09 2.91e+09
draw 7.15e+09 3.36e+09
draw 6.92e+09 3.81e+09
draw 6.67e+09 4.23e+09
draw 6.39e+09 4.64e+09
draw 6.09e+09 5.04e+09
draw 5.76e+09 5.41e+09
draw 5.41e+09 5.76e+09
draw 5.04e+09 6.09e+09
draw 4.64e+09 6.39e+09
draw 4.23e+09 6.67e+09
draw 3.81e+09 6.92e+09
draw 3.36e+09 7.15e+09
draw 2.91e+09 7.34e+09
draw 2.44e+09 7.51e+09
draw 1.96e+09 7.65e+09
draw 1.48e+09 7.76e+09
draw 9.90e+08 7.84e+09
draw 4.96e+08 7.88e+09
draw 2.11e+02 7.90e+09
draw -4.96e+08 7.88e+09
draw -9.90e+08 7.84e+09
draw -1.48e+09 7.76e+09
draw -1.96e+09 7.65e+09
draw -2.44e+09 7.51e+09
draw -2.91e+09 7.34e+09
draw -3.36e+09 7.15e+09
draw -3.81e+09 6.92e+09
draw -4.23e+09 6.67e+09
draw -4.64e+09 6.39e+09
draw -5.04e+09 6.09e+09
draw -5.41e+09 5.76e+09
draw -5.76e+09 5.41e+09
draw -6.09e+09 5.04e+09
draw -6.39e+09 4.64e+09
draw -6.67e+09 4.23e+09
draw -6.92e+09 3.81e+09
draw -7.15e+09 3.36e+09
draw -7.35e+09 2.91e+09
draw -7.51e+09 2.44e+09
draw -7.65e+09 1.96e+09
draw -7.76e+09 1.48e+09
draw -7.84e+09 9.90e+08
draw -7.88e+09 4.96e+08
draw -7.90e+09 3.16e+02
draw -7.88e+09 -4.96e+08
draw -7.84e+09 -9.90e+08
draw -7.76e+09 -1.48e+09
draw -7.65e+09 -1.96e+09
draw -7.51e+09 -2.44e+09
draw -7.35e+09 -2.91e+09
draw -7.15e+09 -3.36e+09
draw -6.92e+09 -3.81e+09
draw -6.67e+09 -4.23e+09
draw -6.39e+09 -4.64e+09
draw -6.09e+09 -5.04e+09
draw -5.76e+09 -5.41e+09
draw -5.41e+09 -5.76e+09
draw -5.04e+09 -6.09e+09
draw -4.64e+09 -6.39e+09
draw -4.23e+09 -6.67e+09
draw -3.81e+09 -6.92e+09
draw -3.36e+09 -7.15e+09
draw -2.91e+09 -7.34e+09
draw -2.44e+09 -7.51e+09
draw -1.96e+09 -7.65e+09
draw -1.48e+09 -7.76e+09
draw -9.90e+08 -7.84e+09
draw -4.96e+08 -7.88e+09
draw -4.22e+02 -7.90e+09
relocate 0.00e+00 -1.02e+10
draw 6.40e+08 -1.02e+10
draw 1.28e+09 -1.01e+10
draw 1.91e+09 -1.00e+10
draw 2.54e+09 -9.88e+09
draw 3.15e+09 -9.70e+09
draw 3.75e+09 -9.48e+09
draw 4.34e+09 -9.23e+09
draw 4.91e+09 -8.94e+09
draw 5.47e+09 -8.61e+09
draw 6.00e+09 -8.25e+09
draw 6.50e+09 -7.86e+09
draw 6.98e+09 -7.43e+09
draw 7.44e+09 -6.98e+09
draw 7.86e+09 -6.50e+09
draw 8.25e+09 -5.99e+09
draw 8.61e+09 -5.46e+09
draw 8.94e+09 -4.91e+09
draw 9.23e+09 -4.34e+09
draw 9.48e+09 -3.75e+09
draw 9.70e+09 -3.15e+09
draw 9.88e+09 -2.54e+09
draw 1.00e+10 -1.91e+09
draw 1.01e+10 -1.28e+09
draw 1.02e+10 -6.40e+08
draw 1.02e+10 -1.36e+02
draw 1.02e+10 6.40e+08
draw 1.01e+10 1.28e+09
draw 1.00e+10 1.91e+09
draw 9.88e+09 2.54e+09
draw 9.70e+09 3.15e+09
draw 9.48e+09 3.75e+09
draw 9.23e+09 4.34e+09
draw 8.94e+09 4.91e+09
draw 8.61e+09 5.46e+09
draw 8.25e+09 5.99e+09
draw 7.86e+09 6.50e+09
draw 7.44e+09 6.98e+09
draw 6.98e+09 7.43e+09
draw 6.50e+09 7.86e+09
draw 6.00e+09 8.25e+09
draw 5.47e+09 8.61e+09
draw 4.91e+09 8.94e+09
draw 4.34e+09 9.23e+09
draw 3.75e+09 9.48e+09
draw 3.15e+09 9.70e+09
draw 2.54e+09 9.88e+09
draw 1.91e+09 1.00e+10
draw 1.28e+09 1.01e+10
draw 6.40e+08 1.02e+10
draw 2.72e+02 1.02e+10
draw -6.40e+08 1.02e+10
draw -1.28e+09 1.01e+10
draw -1.91e+09 1.00e+10
draw -2.54e+09 9.88e+09
draw -3.15e+09 9.70e+09
draw -3.75e+09 9.48e+09
draw -4.34e+09 9.23e+09
draw -4.91e+09 8.94e+09
draw -5.47e+09 8.61e+09
draw -6.00e+09 8.25e+09
draw -6.50e+09 7.86e+09
draw -6.98e+09 7.43e+09
draw -7.44e+09 6.98e+09
draw -7.86e+09 6.50e+09
draw -8.25e+09 5.99e+09
draw -8.61e+09 5.46e+09
draw -8.94e+09 4.91e+09
draw -9.23e+09 4.34e+09
draw -9.48e+09 3.75e+09
draw -9.70e+09 3.15e+09
draw -9.88e+09 2.54e+09
draw -1.00e+10 1.91e+09
draw -1.01e+10 1.28e+09
draw -1.02e+10 6.40e+08
draw -1.02e+10 4.08e+02
draw -1.02e+10 -6.40e+08
draw -1.01e+10 -1.28e+09
draw -1.00e+10 -1.91e+09
draw -9.88e+09 -2.54e+09
draw -9.70e+09 -3.15e+09
draw -9.48e+09 -3.75e+09
draw -9.23e+09 -4.34e+09
draw -8.94e+09 -4.91e+09
draw -8.61e+09 -5.46e+09
draw -8.25e+09 -5.99e+09
draw -7.86e+09 -6.50e+09
draw -7.44e+09 -6.98e+09
draw -6.98e+09 -7.43e+09
draw -6.50e+09 -7.86e+09
draw -6.00e+09 -8.25e+09
draw -5.47e+09 -8.61e+09
draw -4.91e+09 -8.94e+09
draw -4.34e+09 -9.23e+09
draw -3.75e+09 -9.48e+09
draw -3.15e+09 -9.70e+09
draw -2.54e+09 -9.88e+09
draw -1.91e+09 -1.00e+10
draw -1.28e+09 -1.01e+10
draw -6.40e+08 -1.02e+10
draw -5.45e+02 -1.02e+10
relocate 0.00e+00 -1.25e+10
draw 7.85e+08 -1.25e+10
draw 1.57e+09 -1.24e+10
draw 2.34e+09 -1.23e+10
draw 3.11e+09 -1.21e+10
draw 3.86e+09 -1.19e+10
draw 4.60e+09 -1.16e+10
draw 5.32e+09 -1.13e+10
draw 6.02e+09 -1.10e+10
draw 6.70e+09 -1.06e+10
draw 7.35e+09 -1.01e+10
draw 7.97e+09 -9.63e+09
draw 8.56e+09 -9.11e+09
draw 9.11e+09 -8.56e+09
draw 9.63e+09 -7.97e+09
draw 1.01e+10 -7.35e+09
draw 1.06e+10 -6.70e+09
draw 1.10e+10 -6.02e+09
draw 1.13e+10 -5.32e+09
draw 1.16e+10 -4.60e+09
draw 1.19e+10 -3.86e+09
draw 1.21e+10 -3.11e+09
draw 1.23e+10 -2.34e+09
draw 1.24e+10 -1.57e+09
draw 1.25e+10 -7.85e+08
draw 1.25e+10 -1.67e+02
draw 1.25e+10 7.85e+08
draw 1.24e+10 1.57e+09
draw 1.23e+10 2.34e+09
draw 1.21e+10 3.11e+09
draw 1.19e+10 3.86e+09
draw 1.16e+10 4.60e+09
draw 1.13e+10 5.32e+09
draw 1.10e+10 6.02e+09
draw 1.06e+10 6.70e+09
draw 1.01e+10 7.35e+09
draw 9.63e+09 7.97e+09
draw 9.11e+09 8.56e+09
draw 8.56e+09 9.11e+09
draw 7.97e+09 9.63e+09
draw 7.35e+09 1.01e+10
draw 6.70e+09 1.06e+10
draw 6.02e+09 1.10e+10
draw 5.32e+09 1.13e+10
draw 4.60e+09 1.16e+10
draw 3.86e+09 1.19e+10
draw 3.11e+09 1.21e+10
draw 2.34e+09 1.23e+10
draw 1.57e+09 1.24e+10
draw 7.85e+08 1.25e+10
draw 3.34e+02 1.25e+10
draw -7.85e+08 1.25e+10
draw -1.57e+09 1.24e+10
draw -2.34e+09 1.23e+10
draw -3.11e+09 1.21e+10
draw -3.86e+09 1.19e+10
draw -4.60e+09 1.16e+10
draw -5.32e+09 1.13e+10
draw -6.02e+09 1.10e+10
draw -6.70e+09 1.06e+10
draw -7.35e+09 1.01e+10
draw -7.97e+09 9.63e+09
draw -8.56e+09 9.11e+09
draw -9.11e+09 8.56e+09
draw -9.63e+09 7.97e+09
draw -1.01e+10 7.35e+09
draw -1.06e+10 6.70e+09
draw -1.10e+10 6.02e+09
draw -1.13e+10 5.32e+09
draw -1.16e+10 4.60e+09
draw -1.19e+10 3.86e+09
draw -1.21e+10 3.11e+09
draw -1.23e+10 2.34e+09
draw -1.24e+10 1.57e+09
draw -1.25e+10 7.85e+08
draw -1.25e+10 5.01e+02
draw -1.25e+10 -7.85e+08
draw -1.24e+10 -1.57e+09
draw -1.23e+10 -2.34e+09
draw -1.21e+10 -3.11e+09
draw -1.19e+10 -3.86e+09
draw -1.16e+10 -4.60e+09
draw -1.13e+10 -5.32e+09
draw -1.10e+10 -6.02e+09
draw -1.06e+10 -6.70e+09
draw -1.01e+10 -7.35e+09
draw -9.63e+09 -7.97e+09
draw -9.11e+09 -8.56e+09
draw -8.56e+09 -9.11e+09
draw -7.97e+09 -9.63e+09
draw -7.35e+09 -1.01e+10
draw -6.70e+09 -1.06e+10
draw -6.02e+09 -1.10e+10
draw -5.32e+09 -1.13e+10
draw -4.60e+09 -1.16e+10
draw -3.86e+09 -1.19e+10
draw -3.11e+09 -1.21e+10
draw -2.34e+09 -1.23e+10
draw -1.57e+09 -1.24e+10
draw -7.85e+08 -1.25e+10
draw -6.67e+02 -1.25e+10
relocate 0.00e+00 -1.48e+10
draw 9.29e+08 -1.48e+10
draw 1.85e+09 -1.47e+10
draw 2.77e+09 -1.45e+10
draw 3.68e+09 -1.43e+10
draw 4.57e+09 -1.41e+10
draw 5.45e+09 -1.38e+10
draw 6.30e+09 -1.34e+10
draw 7.13e+09 -1.30e+10
draw 7.93e+09 -1.25e+10
draw 8.70e+09 -1.20e+10
draw 9.43e+09 -1.14e+10
draw 1.01e+10 -1.08e+10
draw 1.08e+10 -1.01e+10
draw 1.14e+10 -9.43e+09
draw 1.20e+10 -8.70e+09
draw 1.25e+10 -7.93e+09
draw 1.30e+10 -7.13e+09
draw 1.34e+10 -6.30e+09
draw 1.38e+10 -5.45e+09
draw 1.41e+10 -4.57e+09
draw 1.43e+10 -3.68e+09
draw 1.45e+10 -2.77e+09
draw 1.47e+10 -1.85e+09
draw 1.48e+10 -9.29e+08
draw 1.48e+10 -1.98e+02
draw 1.48e+10 9.29e+08
draw 1.47e+10 1.85e+09
draw 1.45e+10 2.77e+09
draw 1.43e+10 3.68e+09
draw 1.41e+10 4.57e+09
draw 1.38e+10 5.45e+09
draw 1.34e+10 6.30e+09
draw 1.30e+10 7.13e+09
draw 1.25e+10 7.93e+09
draw 1.20e+10 8.70e+09
draw 1.14e+10 9.43e+09
draw 1.08e+10 1.01e+10
draw 1.01e+10 1.08e+10
draw 9.43e+09 1.14e+10
draw 8.70e+09 1.20e+10
draw 7.93e+09 1.25e+10
draw 7.13e+09 1.30e+10
draw 6.30e+09 1.34e+10
draw 5.45e+09 1.38e+10
draw 4.57e+09 1.41e+10
draw 3.68e+09 1.43e+10
draw 2.77e+09 1.45e+10
draw 1.85e+09 1.47e+10
draw 9.29e+08 1.48e+10
draw 3.95e+02 1.48e+10
draw -9.29e+08 1.48e+10
draw -1.85e+09 1.47e+10
draw -2.77e+09 1.45e+10
draw -3.68e+09 1.43e+10
draw -4.57e+09 1.41e+10
draw -5.45e+09 1.38e+10
draw -6.30e+09 1.34e+10
draw -7.13e+09 1.30e+10
draw -7.93e+09 1.25e+10
draw -8.70e+09 1.20e+10
draw -9.43e+09 1.14e+10
draw -1.01e+10 1.08e+10
draw -1.08e+10 1.01e+10
draw -1.14e+10 9.43e+09
draw -1.20e+10 8.70e+09
draw -1.25e+10 7.93e+09
draw -1.30e+10 7.13e+09
draw -1.34e+10 6.30e+09
draw -1.38e+10 5.45e+09
draw -1.41e+10 4.57e+09
draw -1.43e+10 3.68e+09
draw -1.45e+10 2.77e+09
draw -1.47e+10 1.85e+09
draw -1.48e+10 9.29e+08
draw -1.48e+10 5.93e+02
draw -1.48e+10 -9.29e+08
draw -1.47e+10 -1.85e+09
draw -1.45e+10 -2.77e+09
draw -1.43e+10 -3.68e+09
draw -1.41e+10 -4.57e+09
draw -1.38e+10 -5.45e+09
draw -1.34e+10 -6.30e+09
draw -1.30e+10 -7.13e+09
draw -1.25e+10 -7.93e+09
draw -1.20e+10 -8.70e+09
draw -1.14e+10 -9.43e+09
draw -1.08e+10 -1.01e+10
draw -1.01e+10 -1.08e+10
draw -9.43e+09 -1.14e+10
draw -8.70e+09 -1.20e+10
draw -7.93e+09 -1.25e+10
draw -7.13e+09 -1.30e+10
draw -6.30e+09 -1.34e+10
draw -5.45e+09 -1.38e+10
draw -4.57e+09 -1.41e+10
draw -3.68e+09 -1.43e+10
draw -2.77e+09 -1.45e+10
draw -1.85e+09 -1.47e+10
draw -9.29e+08 -1.48e+10
draw -7.90e+02 -1.48e+10
relocate 0.00e+00 -1.71e+10
draw 1.07e+09 -1.71e+10
draw 2.14e+09 -1.70e+10
draw 3.20e+09 -1.68e+10
draw 4.25e+09 -1.66e+10
draw 5.28e+09 -1.63e+10
draw 6.29e+09 -1.59e+10
draw 7.28e+09 -1.55e+10
draw 8.24e+09 -1.50e+10
draw 9.16e+09 -1.44e+10
draw 1.01e+10 -1.38e+10
draw 1.09e+10 -1.32e+10
draw 1.17e+10 -1.25e+10
draw 1.25e+10 -1.17e+10
draw 1.32e+10 -1.09e+10
draw 1.38e+10 -1.00e+10
draw 1.44e+10 -9.16e+09
draw 1.50e+10 -8.24e+09
draw 1.55e+10 -7.28e+09
draw 1.59e+10 -6.29e+09
draw 1.63e+10 -5.28e+09
draw 1.66e+10 -4.25e+09
draw 1.68e+10 -3.20e+09
draw 1.70e+10 -2.14e+09
draw 1.71e+10 -1.07e+09
draw 1.71e+10 -2.28e+02
draw 1.71e+10 1.07e+09
draw 1.70e+10 2.14e+09
draw 1.68e+10 3.20e+09
draw 1.66e+10 4.25e+09
draw 1.63e+10 5.28e+09
draw 1.59e+10 6.29e+09
draw 1.55e+10 7.28e+09
draw 1.50e+10 8.24e+09
draw 1.44e+10 9.16e+09
draw 1.38e+10 1.00e+10
draw 1.32e+10 1.09e+10
draw 1.25e+10 1.17e+10
draw 1.17e+10 1.25e+10
draw 1.09e+10 1.32e+10
draw 1.01e+10 1.38e+10
draw 9.16e+09 1.44e+10
draw 8.24e+09 1.50e+10
draw 7.28e+09 1.55e+10
draw 6.29e+09 1.59e+10
draw 5.28e+09 1.63e+10
draw 4.25e+09 1.66e+10
draw 3.20e+09 1.68e+10
draw 2.14e+09 1.70e+10
draw 1.07e+09 1.71e+10
draw 4.57e+02 1.71e+10
draw -1.07e+09 1.71e+10
draw -2.14e+09 1.70e+10
draw -3.20e+09 1.68e+10
draw -4.25e+09 1.66e+10
draw -5.28e+09 1.63e+10
draw -6.29e+09 1.59e+10
draw -7.28e+09 1.55e+10
draw -8.24e+09 1.50e+10
draw -9.16e+09 1.44e+10
draw -1.01e+10 1.38e+10
draw -1.09e+10 1.32e+10
draw -1.17e+10 1.25e+10
draw -1.25e+10 1.17e+10
draw -1.32e+10 1.09e+10
draw -1.38e+10 1.00e+10
draw -1.44e+10 9.16e+09
draw -1.50e+10 8.24e+09
draw -1.55e+10 7.28e+09
draw -1.59e+10 6.29e+09
draw -1.63e+10 5.28e+09
draw -1.66e+10 4.25e+09
draw -1.68e+10 3.20e+09
draw -1.70e+10 2.14e+09
draw -1.71e+10 1.07e+09
draw -1.71e+10 6.85e+02
draw -1.71e+10 -1.07e+09
draw -1.70e+10 -2.14e+09
draw -1.68e+10 -3.20e+09
draw -1.66e+10 -4.25e+09
draw -1.63e+10 -5.28e+09
draw -1.59e+10 -6.29e+09
draw -1.55e+10 -7.28e+09
draw -1.50e+10 -8.24e+09
draw -1.44e+10 -9.16e+09
draw -1.38e+10 -1.00e+10
draw -1.32e+10 -1.09e+10
draw -1.25e+10 -1.17e+10
draw -1.17e+10 -1.25e+10
draw -1.09e+10 -1.32e+10
draw -1.01e+10 -1.38e+10
draw -9.16e+09 -1.44e+10
draw -8.24e+09 -1.50e+10
draw -7.28e+09 -1.55e+10
draw -6.29e+09 -1.59e+10
draw -5.28e+09 -1.63e+10
draw -4.25e+09 -1.66e+10
draw -3.20e+09 -1.68e+10
draw -2.14e+09 -1.70e+10
draw -1.07e+09 -1.71e+10
draw -9.13e+02 -1.71e+10
relocate 0.00e+00 -1.94e+10
draw 1.22e+09 -1.94e+10
draw 2.43e+09 -1.92e+10
draw 3.64e+09 -1.91e+10
draw 4.82e+09 -1.88e+10
draw 5.99e+09 -1.84e+10
draw 7.14e+09 -1.80e+10
draw 8.26e+09 -1.76e+10
draw 9.35e+09 -1.70e+10
draw 1.04e+10 -1.64e+10
draw 1.14e+10 -1.57e+10
draw 1.24e+10 -1.49e+10
draw 1.33e+10 -1.41e+10
draw 1.41e+10 -1.33e+10
draw 1.49e+10 -1.24e+10
draw 1.57e+10 -1.14e+10
draw 1.64e+10 -1.04e+10
draw 1.70e+10 -9.34e+09
draw 1.76e+10 -8.26e+09
draw 1.80e+10 -7.14e+09
draw 1.85e+10 -5.99e+09
draw 1.88e+10 -4.82e+09
draw 1.91e+10 -3.63e+09
draw 1.92e+10 -2.43e+09
draw 1.94e+10 -1.22e+09
draw 1.94e+10 -2.59e+02
draw 1.94e+10 1.22e+09
draw 1.92e+10 2.43e+09
draw 1.91e+10 3.63e+09
draw 1.88e+10 4.82e+09
draw 1.85e+10 5.99e+09
draw 1.80e+10 7.14e+09
draw 1.76e+10 8.26e+09
draw 1.70e+10 9.34e+09
draw 1.64e+10 1.04e+10
draw 1.57e+10 1.14e+10
draw 1.49e+10 1.24e+10
draw 1.41e+10 1.33e+10
draw 1.33e+10 1.41e+10
draw 1.24e+10 1.49e+10
draw 1.14e+10 1.57e+10
draw 1.04e+10 1.64e+10
draw 9.35e+09 1.70e+10
draw 8.26e+09 1.76e+10
draw 7.14e+09 1.80e+10
draw 5.99e+09 1.84e+10
draw 4.82e+09 1.88e+10
draw 3.64e+09 1.91e+10
draw 2.43e+09 1.92e+10
draw 1.22e+09 1.94e+10
draw 5.18e+02 1.94e+10
draw -1.22e+09 1.94e+10
draw -2.43e+09 1.92e+10
draw -3.64e+09 1.91e+10
draw -4.82e+09 1.88e+10
draw -5.99e+09 1.84e+10
draw -7.14e+09 1.80e+10
draw -8.26e+09 1.76e+10
draw -9.35e+09 1.70e+10
draw -1.04e+10 1.64e+10
draw -1.14e+10 1.57e+10
draw -1.24e+10 1.49e+10
draw -1.33e+10 1.41e+10
draw -1.41e+10 1.33e+10
draw -1.49e+10 1.24e+10
draw -1.57e+10 1.14e+10
draw -1.64e+10 1.04e+10
draw -1.70e+10 9.34e+09
draw -1.76e+10 8.26e+09
draw -1.80e+10 7.14e+09
draw -1.85e+10 5.99e+09
draw -1.88e+10 4.82e+09
draw -1.91e+10 3.63e+09
draw -1.92e+10 2.43e+09
draw -1.94e+10 1.22e+09
draw -1.94e+10 7.77e+02
draw -1.94e+10 -1.22e+09
draw -1.92e+10 -2.43e+09
draw -1.91e+10 -3.63e+09
draw -1.88e+10 -4.82e+09
draw -1.85e+10 -5.99e+09
draw -1.80e+10 -7.14e+09
draw -1.76e+10 -8.26e+09
draw -1.70e+10 -9.34e+09
draw -1.64e+10 -1.04e+10
draw -1.57e+10 -1.14e+10
draw -1.49e+10 -1.24e+10
draw -1.41e+10 -1.33e+10
draw -1.33e+10 -1.41e+10
draw -1.24e+10 -1.49e+10
draw -1.14e+10 -1.57e+10
draw -1.04e+10 -1.64e+10
draw -9.35e+09 -1.70e+10
draw -8.26e+09 -1.76e+10
draw -7.14e+09 -1.80e+10
draw -5.99e+09 -1.84e+10
draw -4.82e+09 -1.88e+10
draw -3.64e+09 -1.91e+10
draw -2.43e+09 -1.92e+10
draw -1.22e+09 -1.94e+10
draw -1.04e+03 -1.94e+10
relocate 0.00e+00 -2.17e+10
draw 1.36e+09 -2.17e+10
draw 2.72e+09 -2.15e+10
draw 4.07e+09 -2.13e+10
draw 5.40e+09 -2.10e+10
draw 6.71e+09 -2.06e+10
draw 7.99e+09 -2.02e+10
draw 9.24e+09 -1.96e+10
draw 1.05e+10 -1.90e+10
draw 1.16e+10 -1.83e+10
draw 1.28e+10 -1.76e+10
draw 1.38e+10 -1.67e+10
draw 1.49e+10 -1.58e+10
draw 1.58e+10 -1.49e+10
draw 1.67e+10 -1.38e+10
draw 1.76e+10 -1.28e+10
draw 1.83e+10 -1.16e+10
draw 1.90e+10 -1.05e+10
draw 1.96e+10 -9.24e+09
draw 2.02e+10 -7.99e+09
draw 2.06e+10 -6.70e+09
draw 2.10e+10 -5.40e+09
draw 2.13e+10 -4.07e+09
draw 2.15e+10 -2.72e+09
draw 2.17e+10 -1.36e+09
draw 2.17e+10 -2.90e+02
draw 2.17e+10 1.36e+09
draw 2.15e+10 2.72e+09
draw 2.13e+10 4.07e+09
draw 2.10e+10 5.40e+09
draw 2.06e+10 6.70e+09
draw 2.02e+10 7.99e+09
draw 1.96e+10 9.24e+09
draw 1.90e+10 1.05e+10
draw 1.83e+10 1.16e+10
draw 1.76e+10 1.28e+10
draw 1.67e+10 1.38e+10
draw 1.58e+10 1.49e+10
draw 1.49e+10 1.58e+10
draw 1.38e+10 1.67e+10
draw 1.28e+10 1.76e+10
draw 1.16e+10 1.83e+10
draw 1.05e+10 1.90e+10
draw 9.24e+09 1.96e+10
draw 7.99e+09 2.02e+10
draw 6.71e+09 2.06e+10
draw 5.40e+09 2.10e+10
draw 4.07e+09 2.13e+10
draw 2.72e+09 2.15e+10
draw 1.36e+09 2.17e+10
draw 5.79e+02 2.17e+10
draw -1.36e+09 2.17e+10
draw -2.72e+09 2.15e+10
draw -4.07e+09 2.13e+10
draw -5.40e+09 2.10e+10
draw -6.71e+09 2.06e+10
draw -7.99e+09 2.02e+10
draw -9.24e+09 1.96e+10
draw -1.05e+10 1.90e+10
draw -1.16e+10 1.83e+10
draw -1.28e+10 1.76e+10
draw -1.38e+10 1.67e+10
draw -1.49e+10 1.58e+10
draw -1.58e+10 1.49e+10
draw -1.67e+10 1.38e+10
draw -1.76e+10 1.28e+10
draw -1.83e+10 1.16e+10
draw -1.90e+10 1.05e+10
draw -1.96e+10 9.24e+09
draw -2.02e+10 7.99e+09
draw -2.06e+10 6.70e+09
draw -2.10e+10 5.40e+09
draw -2.13e+10 4.07e+09
draw -2.15e+10 2.72e+09
draw -2.17e+10 1.36e+09
draw -2.17e+10 8.69e+02
draw -2.17e+10 -1.36e+09
draw -2.15e+10 -2.72e+09
draw -2.13e+10 -4.07e+09
draw -2.10e+10 -5.40e+09
draw -2.06e+10 -6.70e+09
draw -2.02e+10 -7.99e+09
draw -1.96e+10 -9.24e+09
draw -1.90e+10 -1.05e+10
draw -1.83e+10 -1.16e+10
draw -1.76e+10 -1.28e+10
draw -1.67e+10 -1.38e+10
draw -1.58e+10 -1.49e+10
draw -1.49e+10 -1.58e+10
draw -1.38e+10 -1.67e+10
draw -1.28e+10 -1.76e+10
draw -1.16e+10 -1.83e+10
draw -1.05e+10 -1.90e+10
draw -9.24e+09 -1.96e+10
draw -7.99e+09 -2.02e+10
draw -6.71e+09 -2.06e+10
draw -5.40e+09 -2.10e+10
draw -4.07e+09 -2.13e+10
draw -2.72e+09 -2.15e+10
draw -1.36e+09 -2.17e+10
draw -1.16e+03 -2.17e+10
relocate 0.00e+00 -2.40e+10
draw 1.51e+09 -2.39e+10
draw 3.01e+09 -2.38e+10
draw 4.50e+09 -2.36e+10
draw 5.97e+09 -2.32e+10
draw 7.42e+09 -2.28e+10
draw 8.83e+09 -2.23e+10
draw 1.02e+10 -2.17e+10
draw 1.16e+10 -2.10e+10
draw 1.29e+10 -2.03e+10
draw 1.41e+10 -1.94e+10
draw 1.53e+10 -1.85e+10
draw 1.64e+10 -1.75e+10
draw 1.75e+10 -1.64e+10
draw 1.85e+10 -1.53e+10
draw 1.94e+10 -1.41e+10
draw 2.03e+10 -1.29e+10
draw 2.10e+10 -1.16e+10
draw 2.17e+10 -1.02e+10
draw 2.23e+10 -8.83e+09
draw 2.28e+10 -7.42e+09
draw 2.32e+10 -5.97e+09
draw 2.36e+10 -4.50e+09
draw 2.38e+10 -3.01e+09
draw 2.40e+10 -1.51e+09
draw 2.40e+10 -3.20e+02
draw 2.40e+10 1.51e+09
draw 2.38e+10 3.01e+09
draw 2.36e+10 4.50e+09
draw 2.32e+10 5.97e+09
draw 2.28e+10 7.42e+09
draw 2.23e+10 8.83e+09
draw 2.17e+10 1.02e+10
draw 2.10e+10 1.16e+10
draw 2.03e+10 1.29e+10
draw 1.94e+10 1.41e+10
draw 1.85e+10 1.53e+10
draw 1.75e+10 1.64e+10
draw 1.64e+10 1.75e+10
draw 1.53e+10 1.85e+10
draw 1.41e+10 1.94e+10
draw 1.29e+10 2.03e+10
draw 1.16e+10 2.10e+10
draw 1.02e+10 2.17e+10
draw 8.83e+09 2.23e+10
draw 7.42e+09 2.28e+10
draw 5.97e+09 2.32e+10
draw 4.50e+09 2.36e+10
draw 3.01e+09 2.38e+10
draw 1.51e+09 2.39e+10
draw 6.41e+02 2.40e+10
draw -1.51e+09 2.39e+10
draw -3.01e+09 2.38e+10
draw -4.50e+09 2.36e+10
draw -5.97e+09 2.32e+10
draw -7.42e+09 2.28e+10
draw -8.83e+09 2.23e+10
draw -1.02e+10 2.17e+10
draw -1.16e+10 2.10e+10
draw -1.29e+10 2.03e+10
draw -1.41e+10 1.94e+10
draw -1.53e+10 1.85e+10
draw -1.64e+10 1.75e+10
draw -1.75e+10 1.64e+10
draw -1.85e+10 1.53e+10
draw -1.94e+10 1.41e+10
draw -2.03e+10 1.29e+10
draw -2.10e+10 1.16e+10
draw -2.17e+10 1.02e+10
draw -2.23e+10 8.83e+09
draw -2.28e+10 7.42e+09
draw -2.32e+10 5.97e+09
draw -2.36e+10 4.50e+09
draw -2.38e+10 3.01e+09
draw -2.40e+10 1.51e+09
draw -2.40e+10 9.61e+02
draw -2.40e+10 -1.51e+09
draw -2.38e+10 -3.01e+09
draw -2.36e+10 -4.50e+09
draw -2.32e+10 -5.97e+09
draw -2.28e+10 -7.42e+09
draw -2.23e+10 -8.83e+09
draw -2.17e+10 -1.02e+10
draw -2.10e+10 -1.16e+10
draw -2.03e+10 -1.29e+10
draw -1.94e+10 -1.41e+10
draw -1.85e+10 -1.53e+10
draw -1.75e+10 -1.64e+10
draw -1.64e+10 -1.75e+10
draw -1.53e+10 -1.85e+10
draw -1.41e+10 -1.94e+10
draw -1.29e+10 -2.03e+10
draw -1.16e+10 -2.10e+10
draw -1.02e+10 -2.17e+10
draw -8.83e+09 -2.23e+10
draw -7.42e+09 -2.28e+10
draw -5.97e+09 -2.32e+10
draw -4.50e+09 -2.36e+10
draw -3.01e+09 -2.38e+10
draw -1.51e+09 -2.39e+10
draw -1.28e+03 -2.40e+10
